.
./jscripts
./jscripts/sceditor
./jscripts/sceditor/editor_themes
./jscripts/sceditor/editor_themes/emoticons
./jscripts/sceditor/editor_themes/monocons
./jscripts/sceditor/editor_plugins
./jscripts/sceditor/textarea_styles
./jscripts/select2
./jscripts/validate
./jscripts/jeditable
./images
./images/icons
./images/emerald
./images/emerald/icons
./images/emerald/attachtypes
./images/groupimages
./images/groupimages/english
./images/netpen
./images/netpen/js
./images/netpen/css
./images/smilies
./images/colors
./images/attachtypes
./admin
./admin/jscripts
./admin/jscripts/codemirror
./admin/jscripts/codemirror/theme
./admin/jscripts/codemirror/mode
./admin/jscripts/codemirror/mode/javascript
./admin/jscripts/codemirror/mode/htmlmixed
./admin/jscripts/codemirror/mode/xml
./admin/jscripts/codemirror/mode/css
./admin/jscripts/codemirror/addon
./admin/jscripts/codemirror/addon/dialog
./admin/jscripts/codemirror/addon/fold
./admin/jscripts/codemirror/addon/search
./admin/jscripts/codemirror/lib
./admin/jscripts/jqueryui
./admin/jscripts/jqueryui/js
./admin/jscripts/jqueryui/css
./admin/jscripts/jqueryui/css/redmond
./admin/jscripts/jqueryui/css/redmond/images
./admin/styles
./admin/styles/default
./admin/styles/default/images
./admin/styles/default/images/icons
./admin/backups
./admin/inc
./admin/modules
./admin/modules/style
./admin/modules/config
./admin/modules/forum
./admin/modules/user
./admin/modules/home
./admin/modules/tools
./archive
./.well-known
./.well-known/acme-challenge
./inc
./inc/cachehandlers
./inc/datahandlers
./inc/3rdparty
./inc/3rdparty/json
./inc/3rdparty/2fa
./inc/3rdparty/diff
./inc/3rdparty/diff/Diff
./inc/3rdparty/diff/Diff/Renderer
./inc/3rdparty/diff/Diff/Renderer/Unified
./inc/3rdparty/diff/Diff/Engine
./inc/3rdparty/diff/Diff/ThreeWay
./inc/3rdparty/diff/Diff/ThreeWay/Op
./inc/3rdparty/diff/Diff/Op
./inc/captcha_fonts
./inc/mailhandlers
./inc/plugins
./inc/plugins/temp
./inc/languages
./inc/languages/polish
./inc/languages/polish/admin
./inc/languages/english
./inc/languages/english/admin
./inc/tasks
./cache
./cache/themes
./cache/themes/theme1
./cache/themes/theme2
./cache/themes/theme4
./cache/themes/theme7
./cache/themes/theme6
./uploads
./uploads/avatars
./uploads/201811
